Downloading cpython-3.11.14-linux-x86_64-gnu (download) (29.1MiB)
 Downloaded cpython-3.11.14-linux-x86_64-gnu (download)
Using CPython 3.11.14
Creating virtual environment at: .venv
Resolved 127 packages in 118ms
   Building sara-optimizer-research @ file:///home/runner/work/test-matsuzawa-20251218/test-matsuzawa-20251218
Downloading torchvision (7.7MiB)
Downloading nvidia-cuda-nvrtc-cu12 (84.0MiB)
Downloading nvidia-curand-cu12 (60.7MiB)
Downloading scipy (34.2MiB)
Downloading nvidia-cuda-cupti-cu12 (9.8MiB)
Downloading tensorboard-data-server (6.3MiB)
Downloading tensorboard (5.3MiB)
Downloading lxml (5.0MiB)
Downloading fonttools (4.8MiB)
Downloading sqlalchemy (3.2MiB)
Downloading networkx (2.0MiB)
Downloading tokenizers (3.1MiB)
Downloading pydantic-core (2.0MiB)
Downloading aiohttp (1.7MiB)
Downloading kiwisolver (1.4MiB)
Downloading setuptools (1.1MiB)
Downloading nvidia-cusparselt-cu12 (273.9MiB)
Downloading nvidia-nvshmem-cu12 (118.9MiB)
Downloading nvidia-cusolver-cu12 (255.1MiB)
Downloading nvidia-cusparse-cu12 (274.9MiB)
Downloading wandb (21.8MiB)
Downloading nvidia-cufile-cu12 (1.1MiB)
Downloading nvidia-nccl-cu12 (307.4MiB)
Downloading nvidia-cufft-cu12 (184.2MiB)
Downloading pandas (12.2MiB)
Downloading sympy (6.0MiB)
Downloading torch (858.1MiB)
Downloading nvidia-cudnn-cu12 (674.0MiB)
Downloading nvidia-nvjitlink-cu12 (37.4MiB)
Downloading pyarrow (45.5MiB)
Downloading nvidia-cublas-cu12 (566.8MiB)
Downloading hf-xet (3.2MiB)
Downloading triton (162.5MiB)
Downloading numpy (16.1MiB)
Downloading grpcio (6.3MiB)
Downloading matplotlib (8.3MiB)
Downloading pillow (6.7MiB)
Downloading transformers (11.4MiB)
 Downloaded nvidia-cufile-cu12
 Downloaded kiwisolver
 Downloaded aiohttp
 Downloaded pydantic-core
 Downloaded hf-xet
 Downloaded tokenizers
 Downloaded sqlalchemy
 Downloaded setuptools
      Built sara-optimizer-research @ file:///home/runner/work/test-matsuzawa-20251218/test-matsuzawa-20251218
 Downloaded networkx
 Downloaded fonttools
 Downloaded lxml
 Downloaded tensorboard
 Downloaded tensorboard-data-server
 Downloaded grpcio
 Downloaded pillow
 Downloaded torchvision
 Downloaded matplotlib
 Downloaded sympy
 Downloaded nvidia-cuda-cupti-cu12
 Downloaded numpy
 Downloaded transformers
 Downloaded pandas
 Downloaded scipy
 Downloaded nvidia-nvjitlink-cu12
 Downloaded wandb
 Downloaded nvidia-curand-cu12
 Downloaded nvidia-cuda-nvrtc-cu12
 Downloaded pyarrow
 Downloaded nvidia-nvshmem-cu12
 Downloaded nvidia-cufft-cu12
 Downloaded triton
 Downloaded nvidia-cusolver-cu12
 Downloaded nvidia-cusparse-cu12
 Downloaded nvidia-cusparselt-cu12
 Downloaded nvidia-nccl-cu12
 Downloaded nvidia-cublas-cu12
 Downloaded nvidia-cudnn-cu12
 Downloaded torch
Prepared 108 packages in 32.80s
Installed 108 packages in 597ms
 + absl-py==2.3.1
 + aiohappyeyeballs==2.6.1
 + aiohttp==3.13.2
 + aiosignal==1.4.0
 + alembic==1.17.2
 + annotated-types==0.7.0
 + antlr4-python3-runtime==4.9.3
 + anyio==4.12.0
 + attrs==25.4.0
 + certifi==2025.11.12
 + charset-normalizer==3.4.4
 + click==8.3.1
 + colorama==0.4.6
 + colorlog==6.10.1
 + contourpy==1.3.3
 + cycler==0.12.1
 + datasets==4.4.1
 + dill==0.4.0
 + filelock==3.20.1
 + fonttools==4.61.1
 + frozenlist==1.8.0
 + fsspec==2025.10.0
 + gitdb==4.0.12
 + gitpython==3.1.45
 + greenlet==3.3.0
 + grpcio==1.76.0
 + h11==0.16.0
 + hf-xet==1.2.0
 + httpcore==1.0.9
 + httpx==0.28.1
 + huggingface-hub==0.36.0
 + hydra-core==1.3.2
 + idna==3.11
 + jinja2==3.1.6
 + kiwisolver==1.4.9
 + lxml==6.0.2
 + mako==1.3.10
 + markdown==3.10
 + markupsafe==3.0.3
 + matplotlib==3.10.8
 + mpmath==1.3.0
 + multidict==6.7.0
 + multiprocess==0.70.18
 + networkx==3.6.1
 + numpy==2.3.5
 + nvidia-cublas-cu12==12.8.4.1
 + nvidia-cuda-cupti-cu12==12.8.90
 + nvidia-cuda-nvrtc-cu12==12.8.93
 + nvidia-cuda-runtime-cu12==12.8.90
 + nvidia-cudnn-cu12==9.10.2.21
 + nvidia-cufft-cu12==11.3.3.83
 + nvidia-cufile-cu12==1.13.1.3
 + nvidia-curand-cu12==10.3.9.90
 + nvidia-cusolver-cu12==11.7.3.90
 + nvidia-cusparse-cu12==12.5.8.93
 + nvidia-cusparselt-cu12==0.7.1
 + nvidia-nccl-cu12==2.27.5
 + nvidia-nvjitlink-cu12==12.8.93
 + nvidia-nvshmem-cu12==3.3.20
 + nvidia-nvtx-cu12==12.8.90
 + omegaconf==2.3.0
 + optuna==4.6.0
 + packaging==25.0
 + pandas==2.3.3
 + pillow==12.0.0
 + platformdirs==4.5.1
 + portalocker==3.2.0
 + propcache==0.4.1
 + protobuf==6.33.2
 + pyarrow==22.0.0
 + pydantic==2.12.5
 + pydantic-core==2.41.5
 + pyparsing==3.2.5
 + python-dateutil==2.9.0.post0
 + pytorch-ranger==0.1.1
 + pytz==2025.2
 + pyyaml==6.0.3
 + regex==2025.11.3
 + requests==2.32.5
 + sacrebleu==2.5.1
 + safetensors==0.7.0
 + sara-optimizer-research==0.1.0 (from file:///home/runner/work/test-matsuzawa-20251218/test-matsuzawa-20251218)
 + scipy==1.16.3
 + seaborn==0.13.2
 + sentry-sdk==2.48.0
 + setuptools==80.9.0
 + six==1.17.0
 + smmap==5.0.2
 + sqlalchemy==2.0.45
 + sympy==1.14.0
 + tabulate==0.9.0
 + tensorboard==2.20.0
 + tensorboard-data-server==0.7.2
 + tokenizers==0.22.1
 + torch==2.9.1
 + torch-optimizer==0.3.0
 + torchvision==0.24.1
 + tqdm==4.67.1
 + transformers==4.57.3
 + triton==3.5.1
 + typing-extensions==4.15.0
 + typing-inspection==0.4.2
 + tzdata==2025.3
 + urllib3==2.6.2
 + wandb==0.23.1
 + werkzeug==3.1.4
 + xxhash==3.6.0
 + yarl==1.22.0
  0%|          | 0.00/170M [00:00<?, ?B/s]  0%|          | 32.8k/170M [00:00<09:52, 288kB/s]  0%|          | 229k/170M [00:00<02:34, 1.11MB/s]  1%|          | 885k/170M [00:00<00:53, 3.16MB/s]  2%|▏         | 3.51M/170M [00:00<00:14, 11.3MB/s]  5%|▍         | 8.13M/170M [00:00<00:07, 22.5MB/s]  8%|▊         | 13.5M/170M [00:00<00:04, 31.4MB/s] 12%|█▏        | 19.8M/170M [00:00<00:03, 38.0MB/s] 15%|█▍        | 25.4M/170M [00:00<00:03, 43.3MB/s] 18%|█▊        | 30.4M/170M [00:00<00:03, 45.2MB/s] 21%|██        | 35.5M/170M [00:01<00:02, 46.7MB/s] 24%|██▍       | 40.7M/170M [00:01<00:02, 46.6MB/s] 27%|██▋       | 46.0M/170M [00:01<00:02, 48.3MB/s] 30%|███       | 51.2M/170M [00:01<00:02, 49.2MB/s] 33%|███▎      | 56.3M/170M [00:01<00:02, 48.2MB/s] 36%|███▌      | 61.6M/170M [00:01<00:02, 49.5MB/s] 39%|███▉      | 67.0M/170M [00:01<00:02, 50.8MB/s] 42%|████▏     | 72.1M/170M [00:01<00:01, 50.7MB/s] 45%|████▌     | 77.2M/170M [00:01<00:01, 48.3MB/s] 48%|████▊     | 82.6M/170M [00:02<00:01, 49.7MB/s] 51%|█████▏    | 87.6M/170M [00:02<00:01, 49.4MB/s] 54%|█████▍    | 92.6M/170M [00:02<00:01, 48.1MB/s] 58%|█████▊    | 98.2M/170M [00:02<00:01, 50.5MB/s] 61%|██████    | 103M/170M [00:02<00:01, 48.6MB/s]  64%|██████▎   | 108M/170M [00:02<00:01, 48.5MB/s] 67%|██████▋   | 114M/170M [00:02<00:01, 50.7MB/s] 70%|██████▉   | 119M/170M [00:02<00:01, 50.3MB/s] 73%|███████▎  | 124M/170M [00:02<00:00, 47.8MB/s] 76%|███████▋  | 130M/170M [00:03<00:00, 48.1MB/s] 80%|███████▉  | 136M/170M [00:03<00:00, 50.6MB/s] 83%|████████▎ | 141M/170M [00:03<00:00, 50.4MB/s] 86%|████████▌ | 146M/170M [00:03<00:00, 48.4MB/s] 89%|████████▊ | 151M/170M [00:03<00:00, 49.1MB/s] 92%|█████████▏| 156M/170M [00:03<00:00, 47.9MB/s] 94%|█████████▍| 161M/170M [00:03<00:00, 48.2MB/s] 97%|█████████▋| 166M/170M [00:03<00:00, 47.5MB/s]100%|██████████| 170M/170M [00:03<00:00, 47.2MB/s]100%|██████████| 170M/170M [00:03<00:00, 44.2MB/s]
Epoch 1/1:   0%|          | 0/1406 [00:00<?, ?it/s]/home/runner/work/test-matsuzawa-20251218/test-matsuzawa-20251218/.venv/lib/python3.11/site-packages/torch/utils/data/dataloader.py:668: UserWarning: 'pin_memory' argument is set as true but no accelerator is found, then device pinned memory won't be used.
  warnings.warn(warn_msg)
Epoch 1/1:   0%|          | 0/1406 [00:02<?, ?it/s, loss=2.6764, acc=0.0938]Epoch 1/1:   0%|          | 1/1406 [00:02<1:08:23,  2.92s/it, loss=2.6764, acc=0.0938]Epoch 1/1:   0%|          | 1/1406 [00:05<1:08:23,  2.92s/it, loss=2.6279, acc=0.0938]Epoch 1/1:   0%|          | 1/1406 [00:05<2:09:50,  5.54s/it, loss=2.6279, acc=0.0938]
Downloading cpython-3.11.14-linux-x86_64-gnu (download) (29.1MiB)
 Downloaded cpython-3.11.14-linux-x86_64-gnu (download)
Using CPython 3.11.14
Creating virtual environment at: .venv
Resolved 127 packages in 220ms
   Building sara-optimizer-research @ file:///home/runner/work/test-matsuzawa-20251218/test-matsuzawa-20251218
Downloading transformers (11.4MiB)
Downloading grpcio (6.3MiB)
Downloading sympy (6.0MiB)
Downloading hf-xet (3.2MiB)
Downloading tokenizers (3.1MiB)
Downloading networkx (2.0MiB)
Downloading pydantic-core (2.0MiB)
Downloading kiwisolver (1.4MiB)
Downloading setuptools (1.1MiB)
Downloading nvidia-cufft-cu12 (184.2MiB)
Downloading nvidia-nvjitlink-cu12 (37.4MiB)
Downloading numpy (16.1MiB)
Downloading tensorboard-data-server (6.3MiB)
Downloading scipy (34.2MiB)
Downloading lxml (5.0MiB)
Downloading nvidia-cufile-cu12 (1.1MiB)
Downloading nvidia-cublas-cu12 (566.8MiB)
Downloading nvidia-cusparselt-cu12 (273.9MiB)
Downloading nvidia-cusolver-cu12 (255.1MiB)
Downloading pandas (12.2MiB)
Downloading torchvision (7.7MiB)
Downloading wandb (21.8MiB)
Downloading sqlalchemy (3.2MiB)
Downloading aiohttp (1.7MiB)
Downloading nvidia-cuda-cupti-cu12 (9.8MiB)
Downloading nvidia-cusparse-cu12 (274.9MiB)
Downloading nvidia-cuda-nvrtc-cu12 (84.0MiB)
Downloading pillow (6.7MiB)
Downloading nvidia-curand-cu12 (60.7MiB)
Downloading nvidia-cudnn-cu12 (674.0MiB)
Downloading matplotlib (8.3MiB)
Downloading nvidia-nvshmem-cu12 (118.9MiB)
Downloading tensorboard (5.3MiB)
Downloading torch (858.1MiB)
Downloading fonttools (4.8MiB)
Downloading nvidia-nccl-cu12 (307.4MiB)
Downloading triton (162.5MiB)
Downloading pyarrow (45.5MiB)
 Downloaded nvidia-cufile-cu12
 Downloaded kiwisolver
 Downloaded aiohttp
 Downloaded pydantic-core
 Downloaded tokenizers
 Downloaded hf-xet
 Downloaded sqlalchemy
 Downloaded setuptools
      Built sara-optimizer-research @ file:///home/runner/work/test-matsuzawa-20251218/test-matsuzawa-20251218
 Downloaded networkx
 Downloaded fonttools
 Downloaded lxml
 Downloaded tensorboard
 Downloaded tensorboard-data-server
 Downloaded grpcio
 Downloaded pillow
 Downloaded torchvision
 Downloaded matplotlib
 Downloaded sympy
 Downloaded nvidia-cuda-cupti-cu12
 Downloaded numpy
 Downloaded transformers
 Downloaded pandas
 Downloaded nvidia-nvjitlink-cu12
 Downloaded scipy
 Downloaded wandb
 Downloaded nvidia-curand-cu12
 Downloaded nvidia-cuda-nvrtc-cu12
 Downloaded pyarrow
 Downloaded nvidia-nvshmem-cu12
 Downloaded nvidia-cufft-cu12
 Downloaded triton
 Downloaded nvidia-cusolver-cu12
 Downloaded nvidia-cusparse-cu12
 Downloaded nvidia-cusparselt-cu12
 Downloaded nvidia-nccl-cu12
 Downloaded nvidia-cublas-cu12
 Downloaded nvidia-cudnn-cu12
 Downloaded torch
Prepared 108 packages in 32.28s
Installed 108 packages in 358ms
 + absl-py==2.3.1
 + aiohappyeyeballs==2.6.1
 + aiohttp==3.13.2
 + aiosignal==1.4.0
 + alembic==1.17.2
 + annotated-types==0.7.0
 + antlr4-python3-runtime==4.9.3
 + anyio==4.12.0
 + attrs==25.4.0
 + certifi==2025.11.12
 + charset-normalizer==3.4.4
 + click==8.3.1
 + colorama==0.4.6
 + colorlog==6.10.1
 + contourpy==1.3.3
 + cycler==0.12.1
 + datasets==4.4.1
 + dill==0.4.0
 + filelock==3.20.1
 + fonttools==4.61.1
 + frozenlist==1.8.0
 + fsspec==2025.10.0
 + gitdb==4.0.12
 + gitpython==3.1.45
 + greenlet==3.3.0
 + grpcio==1.76.0
 + h11==0.16.0
 + hf-xet==1.2.0
 + httpcore==1.0.9
 + httpx==0.28.1
 + huggingface-hub==0.36.0
 + hydra-core==1.3.2
 + idna==3.11
 + jinja2==3.1.6
 + kiwisolver==1.4.9
 + lxml==6.0.2
 + mako==1.3.10
 + markdown==3.10
 + markupsafe==3.0.3
 + matplotlib==3.10.8
 + mpmath==1.3.0
 + multidict==6.7.0
 + multiprocess==0.70.18
 + networkx==3.6.1
 + numpy==2.3.5
 + nvidia-cublas-cu12==12.8.4.1
 + nvidia-cuda-cupti-cu12==12.8.90
 + nvidia-cuda-nvrtc-cu12==12.8.93
 + nvidia-cuda-runtime-cu12==12.8.90
 + nvidia-cudnn-cu12==9.10.2.21
 + nvidia-cufft-cu12==11.3.3.83
 + nvidia-cufile-cu12==1.13.1.3
 + nvidia-curand-cu12==10.3.9.90
 + nvidia-cusolver-cu12==11.7.3.90
 + nvidia-cusparse-cu12==12.5.8.93
 + nvidia-cusparselt-cu12==0.7.1
 + nvidia-nccl-cu12==2.27.5
 + nvidia-nvjitlink-cu12==12.8.93
 + nvidia-nvshmem-cu12==3.3.20
 + nvidia-nvtx-cu12==12.8.90
 + omegaconf==2.3.0
 + optuna==4.6.0
 + packaging==25.0
 + pandas==2.3.3
 + pillow==12.0.0
 + platformdirs==4.5.1
 + portalocker==3.2.0
 + propcache==0.4.1
 + protobuf==6.33.2
 + pyarrow==22.0.0
 + pydantic==2.12.5
 + pydantic-core==2.41.5
 + pyparsing==3.2.5
 + python-dateutil==2.9.0.post0
 + pytorch-ranger==0.1.1
 + pytz==2025.2
 + pyyaml==6.0.3
 + regex==2025.11.3
 + requests==2.32.5
 + sacrebleu==2.5.1
 + safetensors==0.7.0
 + sara-optimizer-research==0.1.0 (from file:///home/runner/work/test-matsuzawa-20251218/test-matsuzawa-20251218)
 + scipy==1.16.3
 + seaborn==0.13.2
 + sentry-sdk==2.48.0
 + setuptools==80.9.0
 + six==1.17.0
 + smmap==5.0.2
 + sqlalchemy==2.0.45
 + sympy==1.14.0
 + tabulate==0.9.0
 + tensorboard==2.20.0
 + tensorboard-data-server==0.7.2
 + tokenizers==0.22.1
 + torch==2.9.1
 + torch-optimizer==0.3.0
 + torchvision==0.24.1
 + tqdm==4.67.1
 + transformers==4.57.3
 + triton==3.5.1
 + typing-extensions==4.15.0
 + typing-inspection==0.4.2
 + tzdata==2025.3
 + urllib3==2.6.2
 + wandb==0.23.1
 + werkzeug==3.1.4
 + xxhash==3.6.0
 + yarl==1.22.0
  0%|          | 0.00/170M [00:00<?, ?B/s]  0%|          | 623k/170M [00:00<00:27, 6.22MB/s]  2%|▏         | 3.77M/170M [00:00<00:07, 21.0MB/s]  4%|▍         | 7.18M/170M [00:00<00:06, 27.0MB/s]  6%|▌         | 10.2M/170M [00:00<00:05, 28.0MB/s]  8%|▊         | 14.0M/170M [00:00<00:04, 31.6MB/s] 10%|█         | 17.1M/170M [00:00<00:05, 30.5MB/s] 12%|█▏        | 21.1M/170M [00:00<00:04, 33.3MB/s] 14%|█▍        | 24.5M/170M [00:00<00:04, 31.7MB/s] 17%|█▋        | 28.5M/170M [00:00<00:04, 34.2MB/s] 19%|█▉        | 32.0M/170M [00:01<00:04, 32.0MB/s] 21%|██        | 35.8M/170M [00:01<00:03, 33.9MB/s] 23%|██▎       | 39.3M/170M [00:01<00:04, 32.4MB/s] 25%|██▌       | 43.2M/170M [00:01<00:03, 34.1MB/s] 27%|██▋       | 46.7M/170M [00:01<00:03, 32.6MB/s] 31%|███       | 52.4M/170M [00:01<00:02, 39.4MB/s] 34%|███▍      | 58.3M/170M [00:01<00:02, 45.0MB/s] 39%|███▉      | 66.2M/170M [00:01<00:01, 54.9MB/s] 42%|████▏     | 71.9M/170M [00:01<00:01, 55.4MB/s] 47%|████▋     | 80.0M/170M [00:01<00:01, 62.7MB/s] 51%|█████     | 86.3M/170M [00:02<00:01, 62.5MB/s] 54%|█████▍    | 92.9M/170M [00:02<00:01, 63.4MB/s] 58%|█████▊    | 99.5M/170M [00:02<00:01, 64.2MB/s] 62%|██████▏   | 106M/170M [00:02<00:00, 65.8MB/s]  66%|██████▋   | 113M/170M [00:02<00:00, 66.3MB/s] 70%|███████   | 120M/170M [00:02<00:00, 66.5MB/s] 75%|███████▍  | 127M/170M [00:02<00:00, 68.1MB/s] 79%|███████▊  | 134M/170M [00:02<00:00, 66.5MB/s] 83%|████████▎ | 142M/170M [00:02<00:00, 68.8MB/s] 87%|████████▋ | 148M/170M [00:03<00:00, 66.8MB/s] 91%|█████████▏| 156M/170M [00:03<00:00, 68.6MB/s] 95%|█████████▌| 163M/170M [00:03<00:00, 63.3MB/s] 99%|█████████▉| 170M/170M [00:03<00:00, 64.8MB/s]100%|██████████| 170M/170M [00:03<00:00, 50.6MB/s]
Error executing job with overrides: ['run=proposed-resnet56-cifar10', 'results_dir=.research/results', 'mode=trial']
Traceback (most recent call last):
  File "/home/runner/work/test-matsuzawa-20251218/test-matsuzawa-20251218/src/train.py", line 575, in train_main
    from src.optimizer_sara import SARA
ModuleNotFoundError: No module named 'src.optimizer_sara'

During handling of the above exception, another exception occurred:

Traceback (most recent call last):
  File "/home/runner/work/test-matsuzawa-20251218/test-matsuzawa-20251218/src/main.py", line 89, in main
    train_main(cfg)
  File "/home/runner/work/test-matsuzawa-20251218/test-matsuzawa-20251218/src/train.py", line 577, in train_main
    raise ImportError("SARA optimizer not found. Ensure src/optimizer_sara.py exists.")
ImportError: SARA optimizer not found. Ensure src/optimizer_sara.py exists.

Set the environment variable HYDRA_FULL_ERROR=1 for a complete stack trace.
